******************************************************************************
                  TI ARM Linker PC v20.2.7                     
******************************************************************************
>> Linked Mon Dec 11 15:53:57 2023

OUTPUT FILE NAME:   <lab 8.2.out>
ENTRY POINT SYMBOL: "_c_int00_noargs"  address: 00000629


MEMORY CONFIGURATION

         name            origin    length      used     unused   attr    fill
----------------------  --------  ---------  --------  --------  ----  --------
  FLASH                 00000000   00040000  00000766  0003f89a  R  X
  SRAM                  20000000   00008000  0000046c  00007b94  RW X


SEGMENT ALLOCATION MAP

run origin  load origin   length   init length attrs members
----------  ----------- ---------- ----------- ----- -------
00000000    00000000    0000076c   0000076c    r-x
  00000000    00000000    0000026c   0000026c    r-- .intvecs
  0000026c    0000026c    000004e6   000004e6    r-x .text
  00000758    00000758    00000014   00000014    r-- .cinit
20000000    20000000    00000470   00000000    rw-
  20000000    20000000    0000026c   00000000    rw- .vtable
  20000270    20000270    00000200   00000000    rw- .stack


SECTION ALLOCATION MAP

 output                                  attributes/
section   page    origin      length       input sections
--------  ----  ----------  ----------   ----------------
.intvecs   0    00000000    0000026c     
                  00000000    0000026c     tm4c123gh6pm_startup_ccs.obj (.intvecs)

.text      0    0000026c    000004e6     
                  0000026c    0000016c     driverlib.lib : gpio.obj (.text:GPIOPadConfigSet)
                  000003d8    000000f4                   : sysctl.obj (.text:SysCtlClockSet)
                  000004cc    00000078     main.obj (.text)
                  00000544    00000044     rtsv7M4_T_le_v4SPD16_eabi.lib : autoinit.c.obj (.text:__TI_auto_init_nobinit_nopinit:__TI_auto_init_nobinit_nopinit)
                  00000588    00000038     driverlib.lib : sysctl.obj (.text:SysCtlPeripheralReady)
                  000005c0    00000034                   : interrupt.obj (.text:IntRegister)
                  000005f4    00000034                   : sysctl.obj (.text:SysCtlPeripheralEnable)
                  00000628    00000034     rtsv7M4_T_le_v4SPD16_eabi.lib : boot_cortex_m.c.obj (.text:_c_int00_noargs:_c_int00_noargs)
                  0000065c    0000002c     driverlib.lib : gpio.obj (.text:GPIODirModeSet)
                  00000688    0000001c                   : systick.obj (.text:SysTickIntRegister)
                  000006a4    0000001c     rtsv7M4_T_le_v4SPD16_eabi.lib : copy_zero_init.c.obj (.text:decompress:ZI:__TI_zero_init_nomemset:__TI_zero_init_nomemset)
                  000006c0    0000001a     driverlib.lib : gpio.obj (.text:GPIOPinTypeGPIOOutput)
                  000006da    00000002     --HOLE-- [fill = 0]
                  000006dc    00000018                   : gpio.obj (.text:GPIOUnlockPin)
                  000006f4    00000014                   : systick.obj (.text:SysTickEnable)
                  00000708    00000014                   : systick.obj (.text:SysTickIntEnable)
                  0000071c    00000010                   : systick.obj (.text:SysTickPeriodSet)
                  0000072c    0000000c     tm4c123gh6pm_startup_ccs.obj (.text)
                  00000738    00000006     driverlib.lib : gpio.obj (.text:GPIOPinRead)
                  0000073e    00000006                   : gpio.obj (.text:GPIOPinWrite)
                  00000744    00000006                   : sysctl.obj (.text:SysCtlDelay)
                  0000074a    00000004     rtsv7M4_T_le_v4SPD16_eabi.lib : pre_init.c.obj (.text:_system_pre_init)
                  0000074e    00000004                                   : exit.c.obj (.text:abort:abort)

.cinit     0    00000758    00000014     
                  00000758    00000008     (.cinit..vtable.load) [load image, compression = zero_init]
                  00000760    00000004     (__TI_handler_table)
                  00000764    00000008     (__TI_cinit_table)

.init_array 
*          0    00000000    00000000     UNINITIALIZED

.vtable    0    20000000    0000026c     UNINITIALIZED
                  20000000    0000026c     driverlib.lib : interrupt.obj (.vtable)

.stack     0    20000270    00000200     UNINITIALIZED
                  20000270    00000004     rtsv7M4_T_le_v4SPD16_eabi.lib : boot_cortex_m.c.obj (.stack)
                  20000274    000001fc     --HOLE--

__llvm_prf_cnts 
*          0    20000000    00000000     UNINITIALIZED

MODULE SUMMARY

       Module                         code   ro data   rw data
       ------                         ----   -------   -------
    .\
       tm4c123gh6pm_startup_ccs.obj   12     620       0      
       main.obj                       120    0         0      
    +--+------------------------------+------+---------+---------+
       Total:                         132    620       0      
                                                              
    C:/ti/TivaWare_C_Series-2.2.0.295/driverlib/ccs/Debug/driverlib.lib
       interrupt.obj                  52     0         620    
       gpio.obj                       470    0         0      
       sysctl.obj                     358    0         0      
       systick.obj                    84     0         0      
    +--+------------------------------+------+---------+---------+
       Total:                         964    0         620    
                                                              
    C:\ti\ccs1250\ccs\tools\compiler\ti-cgt-arm_20.2.7.LTS\lib\rtsv7M4_T_le_v4SPD16_eabi.lib
       autoinit.c.obj                 68     0         0      
       boot_cortex_m.c.obj            52     0         0      
       copy_zero_init.c.obj           28     0         0      
       exit.c.obj                     4      0         0      
       pre_init.c.obj                 4      0         0      
    +--+------------------------------+------+---------+---------+
       Total:                         156    0         0      
                                                              
       Stack:                         0      0         512    
       Linker Generated:              0      20        0      
    +--+------------------------------+------+---------+---------+
       Grand Total:                   1252   640       1132   


LINKER GENERATED COPY TABLES

__TI_cinit_table @ 00000764 records: 1, size/record: 8, table size: 8
	.vtable: load addr=00000758, load size=00000008 bytes, run addr=20000000, run size=0000026c bytes, compression=zero_init


LINKER GENERATED HANDLER TABLE

__TI_handler_table @ 00000760 records: 1, size/record: 4, table size: 4
	index: 0, handler: __TI_zero_init


GLOBAL SYMBOLS: SORTED ALPHABETICALLY BY Name 

address   name                          
-------   ----                          
0000074f  C$$EXIT                       
0000065d  GPIODirModeSet                
0000026d  GPIOPadConfigSet              
00000739  GPIOPinRead                   
000006c1  GPIOPinTypeGPIOOutput         
0000073f  GPIOPinWrite                  
000006dd  GPIOUnlockPin                 
000005c1  IntRegister                   
0000072d  ResetISR                      
000003d9  SysCtlClockSet                
00000745  SysCtlDelay                   
000005f5  SysCtlPeripheralEnable        
00000589  SysCtlPeripheralReady         
000006f5  SysTickEnable                 
00000709  SysTickIntEnable              
00000689  SysTickIntRegister            
0000071d  SysTickPeriodSet              
0000050d  SystickHandler                
20000470  __STACK_END                   
00000200  __STACK_SIZE                  
20000470  __STACK_TOP                   
00000764  __TI_CINIT_Base               
0000076c  __TI_CINIT_Limit              
00000760  __TI_Handler_Table_Base       
00000764  __TI_Handler_Table_Limit      
00000545  __TI_auto_init_nobinit_nopinit
ffffffff  __TI_pprof_out_hndl           
ffffffff  __TI_prof_data_size           
ffffffff  __TI_prof_data_start          
00000000  __TI_static_base__            
000006a5  __TI_zero_init_nomemset       
ffffffff  __binit__                     
ffffffff  __c_args__                    
UNDEFED   __mpu_init                    
20000270  __stack                       
20000000  __start___llvm_prf_cnts       
20000000  __stop___llvm_prf_cnts        
00000629  _c_int00_noargs               
UNDEFED   _system_post_cinit            
0000074b  _system_pre_init              
0000074f  abort                         
ffffffff  binit                         
20000000  g_pfnRAMVectors               
00000000  g_pfnVectors                  
000004cd  main                          


GLOBAL SYMBOLS: SORTED BY Symbol Address 

address   name                          
-------   ----                          
00000000  __TI_static_base__            
00000000  g_pfnVectors                  
00000200  __STACK_SIZE                  
0000026d  GPIOPadConfigSet              
000003d9  SysCtlClockSet                
000004cd  main                          
0000050d  SystickHandler                
00000545  __TI_auto_init_nobinit_nopinit
00000589  SysCtlPeripheralReady         
000005c1  IntRegister                   
000005f5  SysCtlPeripheralEnable        
00000629  _c_int00_noargs               
0000065d  GPIODirModeSet                
00000689  SysTickIntRegister            
000006a5  __TI_zero_init_nomemset       
000006c1  GPIOPinTypeGPIOOutput         
000006dd  GPIOUnlockPin                 
000006f5  SysTickEnable                 
00000709  SysTickIntEnable              
0000071d  SysTickPeriodSet              
0000072d  ResetISR                      
00000739  GPIOPinRead                   
0000073f  GPIOPinWrite                  
00000745  SysCtlDelay                   
0000074b  _system_pre_init              
0000074f  C$$EXIT                       
0000074f  abort                         
00000760  __TI_Handler_Table_Base       
00000764  __TI_CINIT_Base               
00000764  __TI_Handler_Table_Limit      
0000076c  __TI_CINIT_Limit              
20000000  __start___llvm_prf_cnts       
20000000  __stop___llvm_prf_cnts        
20000000  g_pfnRAMVectors               
20000270  __stack                       
20000470  __STACK_END                   
20000470  __STACK_TOP                   
ffffffff  __TI_pprof_out_hndl           
ffffffff  __TI_prof_data_size           
ffffffff  __TI_prof_data_start          
ffffffff  __binit__                     
ffffffff  __c_args__                    
ffffffff  binit                         
UNDEFED   __mpu_init                    
UNDEFED   _system_post_cinit            

[45 symbols]
